{
  "annotations": {
    "title": "List project items",
    "readOnlyHint": true
  },
  "description": "List Project items for a user or org",
  "inputSchema": {
    "properties": {
      "fields": {
        "description": "Specific list of field IDs to include in the response (e.g. [\"102589\", \"985201\", \"169875\"]). If not provided, only the title field is included.",
        "items": {
          "type": "string"
        },
        "type": "array"
      },
      "owner": {
        "description": "If owner_type == user it is the handle for the GitHub user account. If owner_type == org it is the name of the organization. The name is not case sensitive.",
        "type": "string"
      },
      "owner_type": {
        "description": "Owner type",
        "enum": [
          "user",
          "org"
        ],
        "type": "string"
      },
      "per_page": {
        "description": "Number of results per page (max 100, default: 30)",
        "type": "number"
      },
      "project_number": {
        "description": "The project's number.",
        "type": "number"
      },
      "query": {
        "description": "Search query to filter items",
        "type": "string"
      }
    },
    "required": [
      "owner_type",
      "owner",
      "project_number"
    ],
    "type": "object"
  },
  "name": "list_project_items"
}